node.exe : FAIL server/test
s/isolation/student-integra
tion.test.js
At line:1 char:1
+ & "C:\Program 
Files\nodejs/node.exe" 
"C:\Program 
Files\nodejs/node_mo ...
+ ~~~~~~~~~~~~~~~~~~~~~~~~~
~~~~~~~~~~~~~~~~~~~~~~~~~~~
~~~~~~~~~~~~~~~~~
    + CategoryInfo         
     : NotSpecified: (FAI  
  L server/tes...gration   
 .test.js:String) [], R    
emoteException
    + FullyQualifiedErrorI 
   d : NativeCommandError
 
  Student API Integration 
Tests
    ├ù Updating a student 
profile with a future 
dateOfBirth should fail 
(400) (12 ms)

  ΓùÅ Student API 
Integration Tests ΓÇ║ 
Updating a student profile 
with a future dateOfBirth 
should fail (400)

    expect(received).toBe(e
xpected) // Object.is 
equality

    Expected: 400
    Received: 404

    [0m [90m 38 |[39m
     [90m 39 |[39m     
[90m// Should return 400 
Validation Error before 
failing with 404 (Not 
Found)[39m
    
[31m[1m>[22m[39m[90m 
40 |[39m     expect(respon
se[33m.[39mstatus)[33m.
[39mtoBe([35m400[39m)[33
m;[39m
     [90m    |[39m       
                      
[31m[1m^[22m[39m
     [90m 41 |[39m     ex
pect(response[33m.[39mdat
a[33m.[39mmessage)[33m.
[39mtoBe([32m'Validation 
failed'[39m)[33m;[39m
     [90m 42 |[39m   
})[33m;[39m
     [90m 43 |[39m 
})[33m;[39m[0m

      at Object.toBe (smart
erp/server/tests/isolation/
student-integration.test.js
:40:29)

Test Suites: 1 failed, 1 
total
Tests:       1 failed, 1 
total
Snapshots:   0 total
Time:        1.519 s, 
estimated 2 s
Ran all test suites 
matching server/tests/isola
tion/student-integration.te
st.js.
